// Jest Snapshot v1, https://goo.gl/fbAQLP

exports[`NesController.vue should match snapshot 1`] = `<li class="snes-jp-logo"></li>`;
