// Jest Snapshot v1, https://goo.gl/fbAQLP

exports[`NesCheckbox.vue should match snapshot 1`] = `<label><input type="checkbox" class="checkbox"> <span><h2>Hello there!</h2></span></label>`;
