// Jest Snapshot v1, https://goo.gl/fbAQLP

exports[`NesDialog.vue should match snapshot 1`] = `<dialog open="open" class="nes-dialog is-rounded is-dark"><button type="button" class="nes-btn"></button></dialog>`;
