// Jest Snapshot v1, https://goo.gl/fbAQLP

exports[`NesInputTextArea.vue should match snapshot 1`] = `
<div class="field"><label for="input-test">
    This is a label!
  </label> <textarea id="input-test" cols="50" rows="50" class="nes-textarea"></textarea></div>
`;
