// Jest Snapshot v1, https://goo.gl/fbAQLP

exports[`NesIcon.vue should match snapshot 1`] = `<li class="nes-icon like is-large is-empty"></li>`;
