// Jest Snapshot v1, https://goo.gl/fbAQLP

exports[`NesInputText.vue should match snapshot 1`] = `
<div class="field is-inline" info="true"><label for="test-input">
    This is a label
  </label> <input id="test-input" type="text" placeholder="Insert Text" class="input"></div>
`;
