// Jest Snapshot v1, https://goo.gl/fbAQLP

exports[`NesOctocat.vue should match snapshot 1`] = `<li class="octocat animate"></li>`;
