// Jest Snapshot v1, https://goo.gl/fbAQLP

exports[`NesProgressBar.vue should match snapshot 1`] = `<progress max="100" class="nes-progress is-pattern"></progress>`;
