// Jest Snapshot v1, https://goo.gl/fbAQLP

exports[`NesRadioButton.vue should match snapshot 1`] = `<label><input type="radio" name="testgroup" class="radio"> <span>This is a text in a slot</span></label>`;
